// Jest Snapshot v1, https://goo.gl/fbAQLP

exports[`BaseButton Componente n√£o alterado 1`] = `
"<button type=\\"button\\" class=\\"BaseButton\\" style=\\"background-color: cyan;\\">
  <!----></button>"
`;
