// Jest Snapshot v1, https://goo.gl/fbAQLP

exports[`TheHeader Componente n√£o alterado 1`] = `
"<section class=\\"TheHeader\\">
  <header class=\\"TheHeader__topBar\\">
    <p>Neal.fun</p>
  </header>
</section>"
`;
