// Jest Snapshot v1, https://goo.gl/fbAQLP

exports[`BaseBudget Componente n√£o alterado 1`] = `
"<section class=\\"BaseBudget\\">
  <p> left</p>
</section>"
`;
